2026-09-25 20:22:10.640 [main] INFO  org.example.email.EmailApplication - Starting EmailApplication using Java 21.0.8 with PID 13644 (C:\Users\diana\IdeaProjects\ecommerce-distribuido\email-api\target\classes started by diana in C:\Users\diana\IdeaProjects\ecommerce-distribuido\email-api)
2026-09-25 20:22:10.642 [main] INFO  org.example.email.EmailApplication - No active profile set, falling back to 1 default profile: "default"
2026-09-25 20:22:11.179 [main] INFO  o.s.b.w.e.tomcat.TomcatWebServer - Tomcat initialized with port 8084 (http)
2026-09-25 20:22:11.188 [main] INFO  o.a.catalina.core.StandardService - Starting service [Tomcat]
2026-09-25 20:22:11.188 [main] INFO  o.a.catalina.core.StandardEngine - Starting Servlet engine: [Apache Tomcat/10.1.26]
2026-09-25 20:22:11.229 [main] INFO  o.a.c.c.C.[Tomcat].[localhost].[/] - Initializing Spring embedded WebApplicationContext
2026-09-25 20:22:11.230 [main] INFO  o.s.b.w.s.c.ServletWebServerApplicationContext - Root WebApplicationContext: initialization completed in 559 ms
2026-09-25 20:22:11.438 [main] INFO  o.s.b.w.e.tomcat.TomcatWebServer - Tomcat started on port 8084 (http) with context path '/'
2026-09-25 20:22:11.443 [main] INFO  org.example.email.EmailApplication - Started EmailApplication in 1.069 seconds (process running for 1.288)
2026-09-25 20:22:54.714 [http-nio-8084-exec-1] INFO  o.a.c.c.C.[Tomcat].[localhost].[/] - Initializing Spring DispatcherServlet 'dispatcherServlet'
2026-09-25 20:22:54.714 [http-nio-8084-exec-1] INFO  o.s.web.servlet.DispatcherServlet - Initializing Servlet 'dispatcherServlet'
2026-09-25 20:22:54.714 [http-nio-8084-exec-1] INFO  o.s.web.servlet.DispatcherServlet - Completed initialization in 0 ms
2026-09-25 20:22:54.754 [http-nio-8084-exec-1] INFO  EMAIL-API - REQUEST  POST /emails → para=joao@email.com assunto="Confirmação de Compra"
2026-09-25 20:22:54.755 [http-nio-8084-exec-1] INFO  EMAIL-API - RESPONSE 200 OK - E-mail enviado messageId=MSG-1790378574755
2026-09-25 20:22:54.863 [http-nio-8084-exec-2] INFO  EMAIL-API - REQUEST  POST /emails → para=joao@email.com assunto="Pagamento APROVADO"
2026-09-25 20:22:54.863 [http-nio-8084-exec-2] INFO  EMAIL-API - RESPONSE 200 OK - E-mail enviado messageId=MSG-1790378574863
2026-09-25 20:22:55.068 [http-nio-8084-exec-4] INFO  EMAIL-API - REQUEST  POST /emails → para=joao@email.com assunto="Nota Fiscal NF-1790378574970"
2026-09-25 20:22:55.068 [http-nio-8084-exec-4] INFO  EMAIL-API - RESPONSE 200 OK - E-mail enviado messageId=MSG-1790378575068
2026-09-25 20:22:55.211 [http-nio-8084-exec-8] INFO  EMAIL-API - REQUEST  POST /emails → para=joao@email.com assunto="Entrega agendada"
2026-09-25 20:22:55.211 [http-nio-8084-exec-8] INFO  EMAIL-API - RESPONSE 200 OK - E-mail enviado messageId=MSG-1790378575211
